// Jest Snapshot v1, https://goo.gl/fbAQLP

exports[`PostCard renders 1`] = `
{
  "asFragment": [Function],
  "baseElement": .c0 {
  opacity: 0;
  margin-top: 100px;
  -webkit-transition: all 0.35s ease-in-out;
  transition: all 0.35s ease-in-out;
}

.c13 a {
  border: 1px solid rgb(255,255,255);
  padding: 4px 8px;
  color: rgb(255,255,255);
  -webkit-text-decoration: none;
  text-decoration: none;
  -webkit-transition: all 0.35s ease-in-out;
  transition: all 0.35s ease-in-out;
}

.c13 a:hover {
  background: rgb(255,255,255);
  color: rgb(25,25,25);
}

.c9 {
  display: -webkit-box;
  display: -webkit-flex;
  display: -ms-flexbox;
  display: flex;
  -webkit-flex-direction: row;
  -ms-flex-direction: row;
  flex-direction: row;
  -webkit-flex-wrap: wrap;
  -ms-flex-wrap: wrap;
  flex-wrap: wrap;
  margin-top: 0.5rem;
}

.c10 {
  background: rgb(255,255,255);
  border-radius: 7px;
  padding: 0.2px 4px;
  color: rgb(25,25,25);
  margin-top: 0.1rem;
  margin-bottom: 0.1rem;
  font-size: 0.9rem;
  margin-right: 0.2rem;
  -webkit-transition: all 0.35s ease-in-out;
  transition: all 0.35s ease-in-out;
  border: 1px solid transparent;
  cursor: pointer;
}

.c10:hover {
  -webkit-transition: all 0.35s ease-in-out;
  transition: all 0.35s ease-in-out;
  border: 1px solid #8e8e8e;
}

.c1 {
  border: 2px solid #8e8e8e;
  border-radius: 8px;
  margin-bottom: 2rem;
  text-align: center;
}

.c2 {
  display: none;
}

.c5 {
  display: -webkit-box;
  display: -webkit-flex;
  display: -ms-flexbox;
  display: flex;
}

.c5 div {
  width: 100px;
}

.c4 {
  display: -webkit-box;
  display: -webkit-flex;
  display: -ms-flexbox;
  display: flex;
  -webkit-flex-direction: row;
  -ms-flex-direction: row;
  flex-direction: row;
}

.c6 {
  display: -webkit-box;
  display: -webkit-flex;
  display: -ms-flexbox;
  display: flex;
  -webkit-flex-direction: column;
  -ms-flex-direction: column;
  flex-direction: column;
  -webkit-box-pack: left;
  -webkit-justify-content: left;
  -ms-flex-pack: left;
  justify-content: left;
  margin-left: 1rem;
}

.c3 {
  display: -webkit-box;
  display: -webkit-flex;
  display: -ms-flexbox;
  display: flex;
  -webkit-flex-direction: column;
  -ms-flex-direction: column;
  flex-direction: column;
  -webkit-box-pack: left;
  -webkit-justify-content: left;
  -ms-flex-pack: left;
  justify-content: left;
  margin: 1rem;
  margin-top: 1rem;
  margin-bottom: 1rem;
}

.c7 {
  font-size: 30px;
  margin-bottom: 5px;
  text-align: left;
  text-overflow: clip;
}

.c8 {
  font-size: 13px;
  text-align: left;
}

.c11 {
  margin-top: 1rem;
  text-align: left;
  text-overflow: clip;
}

.c12 {
  margin-top: 0.8rem;
  display: -webkit-box;
  display: -webkit-flex;
  display: -ms-flexbox;
  display: flex;
  -webkit-flex-direction: row;
  -ms-flex-direction: row;
  flex-direction: row;
  -webkit-box-pack: center;
  -webkit-justify-content: center;
  -ms-flex-pack: center;
  justify-content: center;
}

@media only screen and (min-width:769px) {
  .c1 {
    display: -webkit-box;
    display: -webkit-flex;
    display: -ms-flexbox;
    display: flex;
    -webkit-flex-direction: row;
    -ms-flex-direction: row;
    flex-direction: row;
  }
}

@media only screen and (min-width:769px) {
  .c2 {
    display: -webkit-box;
    display: -webkit-flex;
    display: -ms-flexbox;
    display: flex;
  }
}

@media only screen and (min-width:769px) {
  .c2 div {
    border-top-left-radius: 8px;
    border-bottom-left-radius: 8px;
    width: 250px;
  }
}

@media only screen and (min-width:769px) {
  .c5 {
    display: none;
  }
}

@media only screen and (min-width:769px) {
  .c6 {
    margin-left: 0rem;
  }
}

@media only screen and (min-width:769px) {
  .c7 {
    text-overflow: clip;
  }
}

<body>
    <div>
      <div
        class="c0"
      >
        <article
          class="c1"
        >
          <div
            class="c2"
          >
            <div
              class="gatsby-image-wrapper"
              data-gatsby-image-wrapper=""
              style="position: relative; overflow: hidden;"
            >
              <div
                aria-hidden="true"
                style="padding-top: 150%;"
              />
              <div
                aria-hidden="true"
                data-placeholder-image=""
                style="height: 100%; left: 0px; position: absolute; top: 0px; width: 100%;"
              />
              <picture>
                <source
                  data-srcset="/static/902341f7675c60ef9661b2a4aa2de276/bd763/pexels-cottonbro-3832028.webp 640w"
                  sizes="100vw"
                  type="image/webp"
                />
                <img
                  alt="asdf"
                  data-gatsby-image-ssr=""
                  data-main-image=""
                  data-src="/static/902341f7675c60ef9661b2a4aa2de276/cb908/pexels-cottonbro-3832028.jpg"
                  data-srcset="/static/902341f7675c60ef9661b2a4aa2de276/cb908/pexels-cottonbro-3832028.jpg 640w"
                  decoding="async"
                  loading="lazy"
                  sizes="100vw"
                  style="height: 100%; left: 0px; position: absolute; top: 0px; transform: translateZ(0); transition: opacity 250ms linear; width: 100%; will-change: opacity; opacity: 0;"
                />
              </picture>
              <noscript />
              <script
                type="module"
              >
                const t="undefined"!=typeof HTMLImageElement&&"loading"in HTMLImageElement.prototype;if(t){const t=document.querySelectorAll("img[data-main-image]");for(let e of t){e.dataset.src&&(e.setAttribute("src",e.dataset.src),e.removeAttribute("data-src")),e.dataset.srcset&&(e.setAttribute("srcset",e.dataset.srcset),e.removeAttribute("data-srcset"));const t=e.parentNode.querySelectorAll("source[data-srcset]");for(let e of t)e.setAttribute("srcset",e.dataset.srcset),e.removeAttribute("data-srcset");e.complete&&(e.style.opacity=1,e.parentNode.parentNode.querySelector("[data-placeholder-image]").style.opacity=0)}}
              </script>
            </div>
          </div>
          <div
            class="c3"
          >
            <div
              class="c4"
            >
              <div
                class="c5"
              >
                <div
                  class="gatsby-image-wrapper"
                  data-gatsby-image-wrapper=""
                  style="position: relative; overflow: hidden;"
                >
                  <div
                    aria-hidden="true"
                    style="padding-top: 150%;"
                  />
                  <div
                    aria-hidden="true"
                    data-placeholder-image=""
                    style="height: 100%; left: 0px; position: absolute; top: 0px; width: 100%;"
                  />
                  <picture>
                    <source
                      data-srcset="/static/902341f7675c60ef9661b2a4aa2de276/bd763/pexels-cottonbro-3832028.webp 640w"
                      sizes="100vw"
                      type="image/webp"
                    />
                    <img
                      alt="asdf"
                      data-gatsby-image-ssr=""
                      data-main-image=""
                      data-src="/static/902341f7675c60ef9661b2a4aa2de276/cb908/pexels-cottonbro-3832028.jpg"
                      data-srcset="/static/902341f7675c60ef9661b2a4aa2de276/cb908/pexels-cottonbro-3832028.jpg 640w"
                      decoding="async"
                      loading="lazy"
                      sizes="100vw"
                      style="height: 100%; left: 0px; position: absolute; top: 0px; transform: translateZ(0); transition: opacity 250ms linear; width: 100%; will-change: opacity; opacity: 0;"
                    />
                  </picture>
                  <noscript />
                  <script
                    type="module"
                  >
                    const t="undefined"!=typeof HTMLImageElement&&"loading"in HTMLImageElement.prototype;if(t){const t=document.querySelectorAll("img[data-main-image]");for(let e of t){e.dataset.src&&(e.setAttribute("src",e.dataset.src),e.removeAttribute("data-src")),e.dataset.srcset&&(e.setAttribute("srcset",e.dataset.srcset),e.removeAttribute("data-srcset"));const t=e.parentNode.querySelectorAll("source[data-srcset]");for(let e of t)e.setAttribute("srcset",e.dataset.srcset),e.removeAttribute("data-srcset");e.complete&&(e.style.opacity=1,e.parentNode.parentNode.querySelector("[data-placeholder-image]").style.opacity=0)}}
                  </script>
                </div>
              </div>
              <div
                class="c6"
              >
                <span
                  class="c7"
                >
                  React Hooks - memo
                </span>
                <div
                  class="c8"
                >
                  July 3rd, 2021
                </div>
              </div>
            </div>
            <div
              class="c9"
              data-testid="tags"
            >
              <div
                class="c10"
                data-testid="tag-js"
              >
                #
                js
              </div>
              <div
                class="c10"
                data-testid="tag-react"
              >
                #
                react
              </div>
              <div
                class="c10"
                data-testid="tag-hooks"
              >
                #
                hooks
              </div>
            </div>
            <p
              class="c11"
            >
              In simple words this controls when to not re-render your component. I got a situation recently where a Form component was re-rendering andâ€¦
            </p>
            <div
              class="c12"
            >
              <div
                class="c13"
              >
                <a
                  href="/"
                >
                  Read More...
                </a>
              </div>
            </div>
          </div>
        </article>
      </div>
    </div>
  </body>,
  "container": .c0 {
  opacity: 0;
  margin-top: 100px;
  -webkit-transition: all 0.35s ease-in-out;
  transition: all 0.35s ease-in-out;
}

.c13 a {
  border: 1px solid rgb(255,255,255);
  padding: 4px 8px;
  color: rgb(255,255,255);
  -webkit-text-decoration: none;
  text-decoration: none;
  -webkit-transition: all 0.35s ease-in-out;
  transition: all 0.35s ease-in-out;
}

.c13 a:hover {
  background: rgb(255,255,255);
  color: rgb(25,25,25);
}

.c9 {
  display: -webkit-box;
  display: -webkit-flex;
  display: -ms-flexbox;
  display: flex;
  -webkit-flex-direction: row;
  -ms-flex-direction: row;
  flex-direction: row;
  -webkit-flex-wrap: wrap;
  -ms-flex-wrap: wrap;
  flex-wrap: wrap;
  margin-top: 0.5rem;
}

.c10 {
  background: rgb(255,255,255);
  border-radius: 7px;
  padding: 0.2px 4px;
  color: rgb(25,25,25);
  margin-top: 0.1rem;
  margin-bottom: 0.1rem;
  font-size: 0.9rem;
  margin-right: 0.2rem;
  -webkit-transition: all 0.35s ease-in-out;
  transition: all 0.35s ease-in-out;
  border: 1px solid transparent;
  cursor: pointer;
}

.c10:hover {
  -webkit-transition: all 0.35s ease-in-out;
  transition: all 0.35s ease-in-out;
  border: 1px solid #8e8e8e;
}

.c1 {
  border: 2px solid #8e8e8e;
  border-radius: 8px;
  margin-bottom: 2rem;
  text-align: center;
}

.c2 {
  display: none;
}

.c5 {
  display: -webkit-box;
  display: -webkit-flex;
  display: -ms-flexbox;
  display: flex;
}

.c5 div {
  width: 100px;
}

.c4 {
  display: -webkit-box;
  display: -webkit-flex;
  display: -ms-flexbox;
  display: flex;
  -webkit-flex-direction: row;
  -ms-flex-direction: row;
  flex-direction: row;
}

.c6 {
  display: -webkit-box;
  display: -webkit-flex;
  display: -ms-flexbox;
  display: flex;
  -webkit-flex-direction: column;
  -ms-flex-direction: column;
  flex-direction: column;
  -webkit-box-pack: left;
  -webkit-justify-content: left;
  -ms-flex-pack: left;
  justify-content: left;
  margin-left: 1rem;
}

.c3 {
  display: -webkit-box;
  display: -webkit-flex;
  display: -ms-flexbox;
  display: flex;
  -webkit-flex-direction: column;
  -ms-flex-direction: column;
  flex-direction: column;
  -webkit-box-pack: left;
  -webkit-justify-content: left;
  -ms-flex-pack: left;
  justify-content: left;
  margin: 1rem;
  margin-top: 1rem;
  margin-bottom: 1rem;
}

.c7 {
  font-size: 30px;
  margin-bottom: 5px;
  text-align: left;
  text-overflow: clip;
}

.c8 {
  font-size: 13px;
  text-align: left;
}

.c11 {
  margin-top: 1rem;
  text-align: left;
  text-overflow: clip;
}

.c12 {
  margin-top: 0.8rem;
  display: -webkit-box;
  display: -webkit-flex;
  display: -ms-flexbox;
  display: flex;
  -webkit-flex-direction: row;
  -ms-flex-direction: row;
  flex-direction: row;
  -webkit-box-pack: center;
  -webkit-justify-content: center;
  -ms-flex-pack: center;
  justify-content: center;
}

@media only screen and (min-width:769px) {
  .c1 {
    display: -webkit-box;
    display: -webkit-flex;
    display: -ms-flexbox;
    display: flex;
    -webkit-flex-direction: row;
    -ms-flex-direction: row;
    flex-direction: row;
  }
}

@media only screen and (min-width:769px) {
  .c2 {
    display: -webkit-box;
    display: -webkit-flex;
    display: -ms-flexbox;
    display: flex;
  }
}

@media only screen and (min-width:769px) {
  .c2 div {
    border-top-left-radius: 8px;
    border-bottom-left-radius: 8px;
    width: 250px;
  }
}

@media only screen and (min-width:769px) {
  .c5 {
    display: none;
  }
}

@media only screen and (min-width:769px) {
  .c6 {
    margin-left: 0rem;
  }
}

@media only screen and (min-width:769px) {
  .c7 {
    text-overflow: clip;
  }
}

<div>
    <div
      class="c0"
    >
      <article
        class="c1"
      >
        <div
          class="c2"
        >
          <div
            class="gatsby-image-wrapper"
            data-gatsby-image-wrapper=""
            style="position: relative; overflow: hidden;"
          >
            <div
              aria-hidden="true"
              style="padding-top: 150%;"
            />
            <div
              aria-hidden="true"
              data-placeholder-image=""
              style="height: 100%; left: 0px; position: absolute; top: 0px; width: 100%;"
            />
            <picture>
              <source
                data-srcset="/static/902341f7675c60ef9661b2a4aa2de276/bd763/pexels-cottonbro-3832028.webp 640w"
                sizes="100vw"
                type="image/webp"
              />
              <img
                alt="asdf"
                data-gatsby-image-ssr=""
                data-main-image=""
                data-src="/static/902341f7675c60ef9661b2a4aa2de276/cb908/pexels-cottonbro-3832028.jpg"
                data-srcset="/static/902341f7675c60ef9661b2a4aa2de276/cb908/pexels-cottonbro-3832028.jpg 640w"
                decoding="async"
                loading="lazy"
                sizes="100vw"
                style="height: 100%; left: 0px; position: absolute; top: 0px; transform: translateZ(0); transition: opacity 250ms linear; width: 100%; will-change: opacity; opacity: 0;"
              />
            </picture>
            <noscript />
            <script
              type="module"
            >
              const t="undefined"!=typeof HTMLImageElement&&"loading"in HTMLImageElement.prototype;if(t){const t=document.querySelectorAll("img[data-main-image]");for(let e of t){e.dataset.src&&(e.setAttribute("src",e.dataset.src),e.removeAttribute("data-src")),e.dataset.srcset&&(e.setAttribute("srcset",e.dataset.srcset),e.removeAttribute("data-srcset"));const t=e.parentNode.querySelectorAll("source[data-srcset]");for(let e of t)e.setAttribute("srcset",e.dataset.srcset),e.removeAttribute("data-srcset");e.complete&&(e.style.opacity=1,e.parentNode.parentNode.querySelector("[data-placeholder-image]").style.opacity=0)}}
            </script>
          </div>
        </div>
        <div
          class="c3"
        >
          <div
            class="c4"
          >
            <div
              class="c5"
            >
              <div
                class="gatsby-image-wrapper"
                data-gatsby-image-wrapper=""
                style="position: relative; overflow: hidden;"
              >
                <div
                  aria-hidden="true"
                  style="padding-top: 150%;"
                />
                <div
                  aria-hidden="true"
                  data-placeholder-image=""
                  style="height: 100%; left: 0px; position: absolute; top: 0px; width: 100%;"
                />
                <picture>
                  <source
                    data-srcset="/static/902341f7675c60ef9661b2a4aa2de276/bd763/pexels-cottonbro-3832028.webp 640w"
                    sizes="100vw"
                    type="image/webp"
                  />
                  <img
                    alt="asdf"
                    data-gatsby-image-ssr=""
                    data-main-image=""
                    data-src="/static/902341f7675c60ef9661b2a4aa2de276/cb908/pexels-cottonbro-3832028.jpg"
                    data-srcset="/static/902341f7675c60ef9661b2a4aa2de276/cb908/pexels-cottonbro-3832028.jpg 640w"
                    decoding="async"
                    loading="lazy"
                    sizes="100vw"
                    style="height: 100%; left: 0px; position: absolute; top: 0px; transform: translateZ(0); transition: opacity 250ms linear; width: 100%; will-change: opacity; opacity: 0;"
                  />
                </picture>
                <noscript />
                <script
                  type="module"
                >
                  const t="undefined"!=typeof HTMLImageElement&&"loading"in HTMLImageElement.prototype;if(t){const t=document.querySelectorAll("img[data-main-image]");for(let e of t){e.dataset.src&&(e.setAttribute("src",e.dataset.src),e.removeAttribute("data-src")),e.dataset.srcset&&(e.setAttribute("srcset",e.dataset.srcset),e.removeAttribute("data-srcset"));const t=e.parentNode.querySelectorAll("source[data-srcset]");for(let e of t)e.setAttribute("srcset",e.dataset.srcset),e.removeAttribute("data-srcset");e.complete&&(e.style.opacity=1,e.parentNode.parentNode.querySelector("[data-placeholder-image]").style.opacity=0)}}
                </script>
              </div>
            </div>
            <div
              class="c6"
            >
              <span
                class="c7"
              >
                React Hooks - memo
              </span>
              <div
                class="c8"
              >
                July 3rd, 2021
              </div>
            </div>
          </div>
          <div
            class="c9"
            data-testid="tags"
          >
            <div
              class="c10"
              data-testid="tag-js"
            >
              #
              js
            </div>
            <div
              class="c10"
              data-testid="tag-react"
            >
              #
              react
            </div>
            <div
              class="c10"
              data-testid="tag-hooks"
            >
              #
              hooks
            </div>
          </div>
          <p
            class="c11"
          >
            In simple words this controls when to not re-render your component. I got a situation recently where a Form component was re-rendering andâ€¦
          </p>
          <div
            class="c12"
          >
            <div
              class="c13"
            >
              <a
                href="/"
              >
                Read More...
              </a>
            </div>
          </div>
        </div>
      </article>
    </div>
  </div>,
  "debug": [Function],
  "findAllByAltText": [Function],
  "findAllByDisplayValue": [Function],
  "findAllByLabelText": [Function],
  "findAllByPlaceholderText": [Function],
  "findAllByRole": [Function],
  "findAllByTestId": [Function],
  "findAllByText": [Function],
  "findAllByTitle": [Function],
  "findByAltText": [Function],
  "findByDisplayValue": [Function],
  "findByLabelText": [Function],
  "findByPlaceholderText": [Function],
  "findByRole": [Function],
  "findByTestId": [Function],
  "findByText": [Function],
  "findByTitle": [Function],
  "getAllByAltText": [Function],
  "getAllByDisplayValue": [Function],
  "getAllByLabelText": [Function],
  "getAllByPlaceholderText": [Function],
  "getAllByRole": [Function],
  "getAllByTestId": [Function],
  "getAllByText": [Function],
  "getAllByTitle": [Function],
  "getByAltText": [Function],
  "getByDisplayValue": [Function],
  "getByLabelText": [Function],
  "getByPlaceholderText": [Function],
  "getByRole": [Function],
  "getByTestId": [Function],
  "getByText": [Function],
  "getByTitle": [Function],
  "queryAllByAltText": [Function],
  "queryAllByDisplayValue": [Function],
  "queryAllByLabelText": [Function],
  "queryAllByPlaceholderText": [Function],
  "queryAllByRole": [Function],
  "queryAllByTestId": [Function],
  "queryAllByText": [Function],
  "queryAllByTitle": [Function],
  "queryByAltText": [Function],
  "queryByDisplayValue": [Function],
  "queryByLabelText": [Function],
  "queryByPlaceholderText": [Function],
  "queryByRole": [Function],
  "queryByTestId": [Function],
  "queryByText": [Function],
  "queryByTitle": [Function],
  "rerender": [Function],
  "unmount": [Function],
}
`;
