// Jest Snapshot v1, https://goo.gl/fbAQLP

exports[`StyledButton renders 1`] = `
{
  "asFragment": [Function],
  "baseElement": .c0 a {
  border: 1px solid rgb(255, 255, 255);
  padding: 4px 8px;
  color: rgb(255, 255, 255);
  text-decoration: none;
  transition: all 0.35s ease-in-out;
}

.c0 a :hover {
  background: rgb(255, 255, 255);
  color: rgb(25, 25, 25);
}

<body>
    <div>
      <div
        class="c0"
      >
        <a
          href="/"
        >
          Testing Title
        </a>
      </div>
    </div>
  </body>,
  "container": .c0 a {
  border: 1px solid rgb(255, 255, 255);
  padding: 4px 8px;
  color: rgb(255, 255, 255);
  text-decoration: none;
  transition: all 0.35s ease-in-out;
}

.c0 a :hover {
  background: rgb(255, 255, 255);
  color: rgb(25, 25, 25);
}

<div>
    <div
      class="c0"
    >
      <a
        href="/"
      >
        Testing Title
      </a>
    </div>
  </div>,
  "debug": [Function],
  "findAllByAltText": [Function],
  "findAllByDisplayValue": [Function],
  "findAllByLabelText": [Function],
  "findAllByPlaceholderText": [Function],
  "findAllByRole": [Function],
  "findAllByTestId": [Function],
  "findAllByText": [Function],
  "findAllByTitle": [Function],
  "findByAltText": [Function],
  "findByDisplayValue": [Function],
  "findByLabelText": [Function],
  "findByPlaceholderText": [Function],
  "findByRole": [Function],
  "findByTestId": [Function],
  "findByText": [Function],
  "findByTitle": [Function],
  "getAllByAltText": [Function],
  "getAllByDisplayValue": [Function],
  "getAllByLabelText": [Function],
  "getAllByPlaceholderText": [Function],
  "getAllByRole": [Function],
  "getAllByTestId": [Function],
  "getAllByText": [Function],
  "getAllByTitle": [Function],
  "getByAltText": [Function],
  "getByDisplayValue": [Function],
  "getByLabelText": [Function],
  "getByPlaceholderText": [Function],
  "getByRole": [Function],
  "getByTestId": [Function],
  "getByText": [Function],
  "getByTitle": [Function],
  "queryAllByAltText": [Function],
  "queryAllByDisplayValue": [Function],
  "queryAllByLabelText": [Function],
  "queryAllByPlaceholderText": [Function],
  "queryAllByRole": [Function],
  "queryAllByTestId": [Function],
  "queryAllByText": [Function],
  "queryAllByTitle": [Function],
  "queryByAltText": [Function],
  "queryByDisplayValue": [Function],
  "queryByLabelText": [Function],
  "queryByPlaceholderText": [Function],
  "queryByRole": [Function],
  "queryByTestId": [Function],
  "queryByText": [Function],
  "queryByTitle": [Function],
  "rerender": [Function],
  "unmount": [Function],
}
`;
