// Jest Snapshot v1, https://goo.gl/fbAQLP

exports[`TagsList renders 1`] = `
{
  "asFragment": [Function],
  "baseElement": .c0 {
  display: flex;
  flex-direction: row;
  flex-wrap: wrap;
  margin-top: 0.5rem;
}

.c1 {
  background: rgb(255, 255, 255);
  border-radius: 7px;
  padding: 0.2px 4px;
  color: rgb(25, 25, 25);
  margin-top: 0.1rem;
  margin-bottom: 0.1rem;
  font-size: 0.9rem;
  margin-right: 0.2rem;
  transition: all 0.35s ease-in-out;
  border: 1px solid transparent;
  cursor: pointer;
}

.c1 :hover {
  transition: all 0.35s ease-in-out;
  border: 1px solid #8e8e8e;
}

<body>
    <div>
      <div
        class="c0"
        data-testid="tags"
      >
        <div
          class="c1"
          data-testid="tag-1"
        >
          #
          1
        </div>
        <div
          class="c1"
          data-testid="tag-2"
        >
          #
          2
        </div>
      </div>
    </div>
  </body>,
  "container": .c0 {
  display: flex;
  flex-direction: row;
  flex-wrap: wrap;
  margin-top: 0.5rem;
}

.c1 {
  background: rgb(255, 255, 255);
  border-radius: 7px;
  padding: 0.2px 4px;
  color: rgb(25, 25, 25);
  margin-top: 0.1rem;
  margin-bottom: 0.1rem;
  font-size: 0.9rem;
  margin-right: 0.2rem;
  transition: all 0.35s ease-in-out;
  border: 1px solid transparent;
  cursor: pointer;
}

.c1 :hover {
  transition: all 0.35s ease-in-out;
  border: 1px solid #8e8e8e;
}

<div>
    <div
      class="c0"
      data-testid="tags"
    >
      <div
        class="c1"
        data-testid="tag-1"
      >
        #
        1
      </div>
      <div
        class="c1"
        data-testid="tag-2"
      >
        #
        2
      </div>
    </div>
  </div>,
  "debug": [Function],
  "findAllByAltText": [Function],
  "findAllByDisplayValue": [Function],
  "findAllByLabelText": [Function],
  "findAllByPlaceholderText": [Function],
  "findAllByRole": [Function],
  "findAllByTestId": [Function],
  "findAllByText": [Function],
  "findAllByTitle": [Function],
  "findByAltText": [Function],
  "findByDisplayValue": [Function],
  "findByLabelText": [Function],
  "findByPlaceholderText": [Function],
  "findByRole": [Function],
  "findByTestId": [Function],
  "findByText": [Function],
  "findByTitle": [Function],
  "getAllByAltText": [Function],
  "getAllByDisplayValue": [Function],
  "getAllByLabelText": [Function],
  "getAllByPlaceholderText": [Function],
  "getAllByRole": [Function],
  "getAllByTestId": [Function],
  "getAllByText": [Function],
  "getAllByTitle": [Function],
  "getByAltText": [Function],
  "getByDisplayValue": [Function],
  "getByLabelText": [Function],
  "getByPlaceholderText": [Function],
  "getByRole": [Function],
  "getByTestId": [Function],
  "getByText": [Function],
  "getByTitle": [Function],
  "queryAllByAltText": [Function],
  "queryAllByDisplayValue": [Function],
  "queryAllByLabelText": [Function],
  "queryAllByPlaceholderText": [Function],
  "queryAllByRole": [Function],
  "queryAllByTestId": [Function],
  "queryAllByText": [Function],
  "queryAllByTitle": [Function],
  "queryByAltText": [Function],
  "queryByDisplayValue": [Function],
  "queryByLabelText": [Function],
  "queryByPlaceholderText": [Function],
  "queryByRole": [Function],
  "queryByTestId": [Function],
  "queryByText": [Function],
  "queryByTitle": [Function],
  "rerender": [Function],
  "unmount": [Function],
}
`;
